// Jest Snapshot v1, https://goo.gl/fbAQLP

exports[`Navigator should render search 1`] = `
<Provider
  store={
    Object {
      "clearActions": [Function],
      "dispatch": [Function],
      "getActions": [Function],
      "getState": [Function],
      "replaceReducer": [Function],
      "subscribe": [Function],
    }
  }
>
  <Connect(Navigator)>
    <Navigator
      backgroundColor="red"
      fetchSearchSuggestions={[Function]}
      filterOpen={false}
      navigate={[Function]}
      navigatorEnabled={true}
      searchActive={false}
      showLoadingBar={false}
      showSearch={true}
      showTitle={true}
      textColor="white"
    >
      <Provider
        value={
          Object {
            "routePattern": "",
            "searchField": false,
            "searchQuery": "",
            "setSearchQuery": [Function],
            "toggleSearchField": [Function],
          }
        }
      >
        <div
          value={
            Object {
              "routePattern": "",
              "searchField": false,
              "searchQuery": "",
              "setSearchQuery": [Function],
              "toggleSearchField": [Function],
            }
          }
        >
          <Portal
            name="nav-bar.before"
            props={null}
          />
          <Portal
            name="nav-bar"
            props={null}
          >
            <header
              className="css-1ul2v41"
              data-test-id="Navigator"
              role="banner"
              style={
                Object {
                  "background": "red",
                  "color": "white",
                }
              }
            >
              <Portal
                name="nav-bar.navigator.before"
                props={null}
              />
              <Portal
                name="nav-bar.navigator"
                props={null}
              >
                <Grid
                  className="css-6q3zgq"
                  component="section"
                  wrap={false}
                >
                  <section
                    className="css-6q3zgq css-h7r55a"
                  >
                    <Portal
                      name="nav-bar.navigator.nav-button.before"
                      props={null}
                    />
                    <Portal
                      name="nav-bar.navigator.nav-button"
                      props={
                        Object {
                          "NavButton": [Function],
                        }
                      }
                    >
                      <Component>
                        <div>
                           
                        </div>
                      </Component>
                    </Portal>
                    <Portal
                      name="nav-bar.navigator.nav-button.after"
                      props={null}
                    />
                    <Portal
                      name="nav-bar.navigator.center.before"
                      props={null}
                    />
                    <Portal
                      name="nav-bar.navigator.center"
                      props={null}
                    >
                      <GridItem
                        className="css-1kjnwv2"
                        component="div"
                        grow={1}
                        shrink={1}
                      >
                        <div
                          className="css-1kjnwv2 css-1gs0ko2"
                        >
                          <NavigatorContent
                            routePattern=""
                          >
                            <Connect(Title)>
                              <Title
                                dispatch={[Function]}
                                onClick={[Function]}
                                title=""
                              >
                                <div
                                  aria-hidden={true}
                                  onClick={[Function]}
                                >
                                  <div
                                    className="css-iykibm "
                                  >
                                    <Translate
                                      className=""
                                      params={Object {}}
                                      string=""
                                    />
                                  </div>
                                  <div
                                    className="css-iykibm "
                                    data-test-id="title: "
                                  >
                                    <Translate
                                      className=""
                                      params={Object {}}
                                      string=""
                                    />
                                  </div>
                                </div>
                              </Title>
                            </Connect(Title)>
                            <_default>
                              <Consumer>
                                <NavigatorSearch
                                  active={false}
                                  query=""
                                  setSearchQuery={[Function]}
                                  toggleSearchField={[Function]}
                                >
                                  <Transition
                                    appear={false}
                                    enter={true}
                                    exit={true}
                                    in={false}
                                    mountOnEnter={false}
                                    onEnter={[Function]}
                                    onEntered={[Function]}
                                    onEntering={[Function]}
                                    onExit={[Function]}
                                    onExited={[Function]}
                                    onExiting={[Function]}
                                    timeout={0}
                                    unmountOnExit={false}
                                  >
                                    <div
                                      className="css-24kq4i"
                                      style={
                                        Object {
                                          "transform": "translateY(-100%)",
                                        }
                                      }
                                    >
                                      <form
                                        className="css-sa13d4"
                                        data-test-id="Search"
                                        onSubmit={[Function]}
                                      >
                                        <input
                                          className="css-13u5ou6"
                                          onChange={[Function]}
                                          onFocus={[Function]}
                                          placeholder="search.placeholder"
                                          type="search"
                                          value=""
                                        />
                                      </form>
                                      <div
                                        aria-hidden={true}
                                        className="css-16d1k2p"
                                        onClick={[Function]}
                                        role="button"
                                      />
                                    </div>
                                  </Transition>
                                </NavigatorSearch>
                              </Consumer>
                            </_default>
                            <Component>
                              <Consumer>
                                <Suggestions
                                  isVisible={false}
                                />
                              </Consumer>
                            </Component>
                          </NavigatorContent>
                        </div>
                      </GridItem>
                    </Portal>
                    <Portal
                      name="nav-bar.navigator.center.after"
                      props={null}
                    />
                    <Portal
                      name="nav-bar.navigator.icons.before"
                      props={null}
                    />
                    <Portal
                      name="nav-bar.navigator.icons"
                      props={null}
                    >
                      <_default>
                        <Consumer>
                          <SearchButton
                            searchActive={false}
                            toggleSearchField={[Function]}
                          >
                            <button
                              className="css-1nlaj2c"
                              data-test-id="SearchButton"
                            >
                              <Ripple
                                className="css-ugy6xl"
                                color="#000"
                                disabled={false}
                                fill={false}
                                onClick={[Function]}
                                onComplete={[Function]}
                                overflow={false}
                                size={null}
                              >
                                <div
                                  aria-hidden={true}
                                  className="css-ugy6xl"
                                  data-test-id="Ripple"
                                  onClick={[Function]}
                                  style={null}
                                >
                                  <Magnifier>
                                    <Icon
                                      className=""
                                      color={null}
                                      content="<path d=\\"M15.5 14h-.79l-.28-.27C15.41 12.59 16 11.11 16 9.5 16 5.91 13.09 3 9.5 3S3 5.91 3 9.5 5.91 16 9.5 16c1.61 0 3.09-.59 4.23-1.57l.27.28v.79l5 4.99L20.49 19l-4.99-5zm-6 0C7.01 14 5 11.99 5 9.5S7.01 5 9.5 5 14 7.01 14 9.5 11.99 14 9.5 14z\\"/>"
                                      size="inherit"
                                      viewBox="0 0 24 24"
                                    >
                                      <svg
                                        className="css-yys9hb "
                                        dangerouslySetInnerHTML={
                                          Object {
                                            "__html": "<path d=\\"M15.5 14h-.79l-.28-.27C15.41 12.59 16 11.11 16 9.5 16 5.91 13.09 3 9.5 3S3 5.91 3 9.5 5.91 16 9.5 16c1.61 0 3.09-.59 4.23-1.57l.27.28v.79l5 4.99L20.49 19l-4.99-5zm-6 0C7.01 14 5 11.99 5 9.5S7.01 5 9.5 5 14 7.01 14 9.5 11.99 14 9.5 14z\\"/>",
                                          }
                                        }
                                        style={
                                          Object {
                                            "fill": null,
                                            "fontSize": "inherit",
                                          }
                                        }
                                        viewBox="0 0 24 24"
                                        xmlns="http://www.w3.org/2000/svg"
                                      />
                                    </Icon>
                                  </Magnifier>
                                </div>
                              </Ripple>
                            </button>
                          </SearchButton>
                        </Consumer>
                      </_default>
                      <Portal
                        name="nav-bar.navigator.icons.cart-button.before"
                        props={null}
                      />
                      <Portal
                        name="nav-bar.navigator.icons.cart-button"
                        props={
                          Object {
                            "CartButton": [Function],
                          }
                        }
                      >
                        <Component>
                          <div>
                             
                          </div>
                        </Component>
                      </Portal>
                      <Portal
                        name="nav-bar.navigator.icons.cart-button.after"
                        props={null}
                      />
                    </Portal>
                    <Portal
                      name="nav-bar.navigator.icons.after"
                      props={null}
                    />
                  </section>
                </Grid>
              </Portal>
              <Portal
                name="nav-bar.navigator.after"
                props={null}
              />
              <Portal
                name="nav-bar.progress-bar.before"
                props={null}
              />
              <Portal
                name="nav-bar.progress-bar"
                props={
                  Object {
                    "ProgressBar": [Function],
                  }
                }
              >
                <ProgressBar
                  isVisible={false}
                >
                  <Transition
                    appear={false}
                    enter={true}
                    exit={true}
                    in={false}
                    mountOnEnter={false}
                    onEnter={[Function]}
                    onEntered={[Function]}
                    onEntering={[Function]}
                    onExit={[Function]}
                    onExited={[Function]}
                    onExiting={[Function]}
                    timeout={300}
                    unmountOnExit={false}
                  >
                    <div
                      className="css-2m2907"
                      style={
                        Object {
                          "transform": "scale(1, 0)",
                        }
                      }
                    >
                      <div
                        className="css-aywzco"
                      />
                    </div>
                  </Transition>
                </ProgressBar>
              </Portal>
              <Portal
                name="nav-bar.progress-bar.after"
                props={null}
              />
            </header>
          </Portal>
          <Portal
            name="nav-bar.after"
            props={null}
          />
        </div>
      </Provider>
    </Navigator>
  </Connect(Navigator)>
</Provider>
`;
