// Jest Snapshot v1, https://goo.gl/fbAQLP

exports[`<ButtonLink> On click action should create component and open page on click 1`] = `
<ButtonLink
  href="https://example.com"
  noGap={false}
>
  <ActionButton
    className=""
    disabled={false}
    flat={true}
    loading={false}
    noGap={false}
    onClick={[Function]}
    rippleClassName=""
    rippleSize={null}
    type="secondary"
    wrapContent={true}
  >
    <div
      className="css-omcrdt"
    >
      <RippleButton
        className=""
        disabled={false}
        flat={true}
        onClick={[Function]}
        rippleClassName=""
        rippleSize={null}
        type="secondary"
        wrapContent={true}
      >
        <Button
          className=""
          disabled={false}
          flat={true}
          onClick={[Function]}
          type="secondary"
          wrapContent={false}
        >
          <Button
            className="css-20ad7t "
            disabled={false}
            onClick={[Function]}
          >
            <button
              className="css-20ad7t  css-1rn65c0"
              data-test-id="Button"
              disabled={false}
              onClick={[Function]}
            >
              <Ripple
                className="css-8s1fw2 "
                color="#000"
                disabled={false}
                fill={true}
                onComplete={[Function]}
                overflow={false}
                size={null}
              >
                <div
                  aria-hidden={true}
                  className="css-8s1fw2 "
                  data-test-id="Ripple"
                  onClick={[Function]}
                  style={null}
                >
                  Text inside
                </div>
              </Ripple>
            </button>
          </Button>
        </Button>
      </RippleButton>
    </div>
  </ActionButton>
</ButtonLink>
`;
