// Jest Snapshot v1, https://goo.gl/fbAQLP

exports[`<Logo /> should render an image 1`] = `
<img
  alt="Logo"
  className={
    Object {
      "data-css-gva1fu": "",
    }
  }
  src="https://example.com/logo"
/>
`;
