// Jest Snapshot v1, https://goo.gl/fbAQLP

exports[`<Header /> should render with correct title 1`] = `
<Grid
  className=""
  component="div"
  wrap={false}
>
  <button
    className="css-b3dcfs"
    onClick={[Function]}
  >
    <Ripple
      className="css-ugy6xl"
      color="#000"
      disabled={false}
      fill={false}
      onComplete={[Function]}
      overflow={false}
      size={null}
    >
      <Cross
        size={24}
      />
    </Ripple>
  </button>
  <GridItem
    className="css-1mjy0de"
    component="div"
    grow={1}
    shrink={1}
  >
    My Title
  </GridItem>
</Grid>
`;
